Starting Dynare (version 5.5).
Calling Dynare with arguments: none
Starting preprocessing of the model file ...
Found 6 equation(s).
Evaluating expressions...done
Computing static model derivatives (order 1).
Computing dynamic model derivatives (order 2).
Processing outputs ...
done
Preprocessing completed.


STEADY-STATE RESULTS:

pi 		 0.02
x  		 -4.06576e-19
i  		 0.0250125
v  		 1.00564e-17
s  		 5.02818e-20
r  		 0

EIGENVALUES:
         Modulus             Real        Imaginary

          0.6533           0.6533                0
           1.075            1.053           0.2179
           1.075            1.053          -0.2179


There are 2 eigenvalue(s) larger than 1 in modulus 
for 2 forward-looking variable(s)

The rank condition is verified.


MODEL SUMMARY

  Number of variables:         6
  Number of stochastic shocks: 2
  Number of state variables:   1
  Number of jumpers:           2
  Number of static variables:  3


MATRIX OF COVARIANCE OF EXOGENOUS SHOCKS
Variables       eps_s     eps_i
eps_s        1.000000  0.000000
eps_i        0.000000  1.000000

POLICY AND TRANSITION FUNCTIONS
                                  pi               x               i               v               s               r
Constant                    0.020000               0        0.025013               0               0               0
v(-1)                              0               0               0        0.653266        0.350000               0
eps_s                              0               0               0       -1.005025        1.000000               0
eps_i                      -0.086957       -0.869565        0.869565        1.005025       -0.043478        0.869565


THEORETICAL MOMENTS
VARIABLE         MEAN  STD. DEV.   VARIANCE
pi             0.0200     0.0870     0.0076
x              0.0000     0.8696     0.7561
i              0.0250     0.8696     0.7561
v              0.0000     1.8773     3.5241
s              0.0000     1.1973     1.4336
r              0.0000     0.8696     0.7561



VARIANCE DECOMPOSITION (in percent)
       eps_s   eps_i
pi      0.00  100.00
x       0.00  100.00
i       0.00  100.00
v      50.00   50.00
s      84.81   15.19
r       0.00  100.00



MATRIX OF CORRELATIONS
Variables         pi        x        i        v        s        r
pi            1.0000   1.0000  -1.0000  -0.5354   0.0363  -1.0000
x             1.0000   1.0000  -1.0000  -0.5354   0.0363  -1.0000
i            -1.0000  -1.0000   1.0000   0.5354  -0.0363   1.0000
v            -0.5354  -0.5354   0.5354   1.0000  -0.1081   0.5354
s             0.0363   0.0363  -0.0363  -0.1081   1.0000  -0.0363
r            -1.0000  -1.0000   1.0000   0.5354  -0.0363   1.0000



COEFFICIENTS OF AUTOCORRELATION
Order           1        2        3        4        5
pi         0.0000   0.0000   0.0000   0.0000   0.0000
x         -0.0000  -0.0000  -0.0000  -0.0000  -0.0000
i          0.0000   0.0000   0.0000   0.0000   0.0000
v          0.6533   0.4268   0.2788   0.1821   0.1190
s         -0.0593  -0.0388  -0.0253  -0.0165  -0.0108
r          0.0000   0.0000   0.0000   0.0000   0.0000
Total computing time : 0h00m01s
